[clear2close.us/index.html]
[backblue.gif]
[fade.gif]
[index.html]
[clear2close.us/feed/index.html]
[clear2close.us/wp-content/themes/Divi/includes/builder/styles/images/preloader.gif]
[clear2close.us/wp-content/themes/Divi/core/admin/fonts/fontawesome/fa-regular-400.eot]
[clear2close.us/wp-content/themes/Divi/core/admin/fonts/modules/all/modules.eot]
[hb.wpmucdn.com/clear2close.us/740f493e-533e-4818-a414-69cd47616a79.css]
[clear2close.us/comments/feed/index.html]
[hb.wpmucdn.com/clear2close.us/8dd5105c-6b0f-4a43-a499-0679078338ec.css]
[clear2close.us/wp-json/wp/v2/pages/50475.json]
[clear2close.us/wp-json/index.html]
[clear2close.us/wp-includes/wlwmanifest.xml]
[clear2close.us/wp-json/oembed/1.0/embed55c4.json]
[clear2close.us/wp-json/oembed/1.0/embed545a]
[clear2close.us/wp-content/uploads/2022/08/fav.png]
[clear2close.us/wp-content/et-cache/50475/et-core-unified-50475.mine9c3.css]
[clear2close.us/wp-content/et-cache/50475/et-core-unified-tb-50327-deferred-50475.mine9c3.css]
[clear2close.us/wp-content/uploads/2022/08/logo.png]
[clear2close.us/payment/make-a-payment.html]
[clear2close.us/wp-content/uploads/2022/08/production-ID_4770380.mp4]
[clear2close.us/title-escrow/index.html]
[clear2close.us/survey-deletion-coverage/index.html]
[clear2close.us/wp-content/uploads/2022/08/appraisal-image-01.jpg]
[clear2close.us/appraisal/index.html]
[clear2close.us/texas-endorsement-explained/index.html]
[clear2close.us/wp-content/uploads/2022/08/CLR-7003600.jpg]
[clear2close.us/appraisal-facts/index.html]
[clear2close.us/wp-content/uploads/2022/08/CLR-70060.jpg]
[clear2close.us/appraisal-fees/index.html]
[clear2close.us/continuing-education/index.html]
[clear2close.us/wp-content/uploads/2022/08/continued-education.jpg]
[clear2close.us/home-buyers-checklist/index.html]
[clear2close.us/wp-content/uploads/2022/08/home-about-us.jpg]
[clear2close.us/home-sellers-checklist/index.html]
[clear2close.us/hoa-information-and-tips/index.html]
[clear2close.us/wp-content/uploads/2022/08/logo-black.png]
[clear2close.us/blog/index.html]
[clear2close.us/contact-us/index.html]
[clear2close.us/meet-the-team/index.html]
[clear2close.us/about-us]
[clear2close.us/locations/index.html]
[clear2close.us/services]
[clear2close.us/faq]
[clear2close.us/wp-content/themes/click4corp-child-theme/images/click4corp-logo.png]
[hb.wpmucdn.com/clear2close.us/7bd800cd-4939-46c9-b07b-8fa890bee9f3.css]
[hb.wpmucdn.com/clear2close.us/b5a66c14-be1f-4ca4-afe6-5f3c805c9fc8.css]
[hb.wpmucdn.com/clear2close.us/91bddb8c-9b74-4e88-9d37-e53c9f15d6d4.js]
[clear2close.us/wp-content/themes/Divi/js/scripts.min.js]
[clear2close.us/continued-education/index.html]
[clear2close.us/privacy-policy/index.html]
[hb.wpmucdn.com/clear2close.us/1dbc10b9-5f1d-47a5-9852-e3aa84674493.js]
[hb.wpmucdn.com/clear2close.us/7c5a8e41-a72e-40ef-bdf0-35a39beb0bb6.js]
[hb.wpmucdn.com/clear2close.us/b731a940-0f97-465b-92c4-6c2498ba6ced.js]
[clear2close.us/index.html]
[clear2close.us/xmlrpc.html]
[hb.wpmucdn.com/clear2close.us/740f493e-533e-4818-a414-69cd47616a79.css]
[hb.wpmucdn.com/clear2close.us/8dd5105c-6b0f-4a43-a499-0679078338ec.css]
[clear2close.us/xmlrpc0db0.html]
[clear2close.us/wp-content/et-cache/50475/et-core-unified-50475.mine9c3.css]
[hb.wpmucdn.com/clear2close.us/a21361a6-ee04-415a-93d7-af7b9569a0f7.js]
[clear2close.us/wp-content/uploads/2022/08/home-bg-scaled.jpg]
[clear2close.us/wp-content/et-cache/50475/et-core-unified-tb-50327-deferred-50475.mine9c3.css]
[hb.wpmucdn.com/clear2close.us/312f346b-83eb-43cb-97b6-3ae887ef13b1.css]
[clear2close.us/wp-json/wp/v2/pages/50651.json]
[clear2close.us/wp-json/oembed/1.0/embed9993.json]
[clear2close.us/wp-json/oembed/1.0/embedfd15]
[clear2close.us/wp-content/uploads/2022/09/header-bg-image-02-scaled.jpg]
[clear2close.us/wp-content/et-cache/50651/et-core-unified-50651.min82a0.css]
[clear2close.us/wp-content/et-cache/50651/et-core-unified-tb-50327-deferred-50651.min398e.css]
[clear2close.us/wp-content/uploads/2022/08/title-and-secrow-vertical.jpg]
[clear2close.us/wp-content/uploads/2022/08/title-and-escrow-image-01.jpg]
[clear2close.us/title-escrow/index.html]
[hb.wpmucdn.com/clear2close.us/beaf8267-0dae-48eb-954e-148927417cd3.js]
[hb.wpmucdn.com/clear2close.us/fac9299f-2d97-44ef-ada3-cb95b93e1d16.css]
[clear2close.us/wp-json/wp/v2/pages/50670.json]
[clear2close.us/wp-json/oembed/1.0/embed7be0.json]
[clear2close.us/wp-json/oembed/1.0/embedcd63]
[clear2close.us/wp-content/uploads/2022/09/header-bg-image-01-scaled.jpg]
[clear2close.us/wp-content/et-cache/50670/et-core-unified-50670.min058f.css]
[clear2close.us/wp-content/et-cache/50670/et-core-unified-tb-50327-deferred-50670.min058f.css]
[clear2close.us/survey-deletion-coverage/index.html]
[hb.wpmucdn.com/clear2close.us/b28431f8-2888-420b-93f4-becc2f92bdf7.css]
[clear2close.us/wp-json/wp/v2/pages/50676.json]
[clear2close.us/wp-json/oembed/1.0/embedf114.json]
[clear2close.us/wp-json/oembed/1.0/embedc756]
[clear2close.us/wp-content/uploads/2022/09/header-bg-image-05-scaled.jpg]
[clear2close.us/wp-content/et-cache/50676/et-core-unified-50676.min63f7.css]
[clear2close.us/wp-content/et-cache/50676/et-core-unified-tb-50327-deferred-50676.min63f7.css]
[clear2close.us/texas-endorsement-explained/index.html]
[hb.wpmucdn.com/clear2close.us/e9e8bb0c-dd35-49e1-8cfc-2c702df43e2f.css]
[clear2close.us/wp-json/wp/v2/pages/50681.json]
[clear2close.us/wp-json/oembed/1.0/embed4c50.json]
[clear2close.us/wp-json/oembed/1.0/embedd5af]
[clear2close.us/wp-content/uploads/2022/09/header-bg-image-03-scaled.jpg]
[clear2close.us/wp-content/et-cache/50681/et-core-unified-50681.min80f2.css]
[clear2close.us/wp-content/et-cache/50681/et-core-unified-tb-50327-deferred-50681.min80f2.css]
[clear2close.us/wp-content/uploads/2022/08/ClearTitleClient2-1.jpg]
[clear2close.us/wp-content/uploads/2022/08/title-and-escrow-header.jpg]
[clear2close.us/appraisal/index.html]
[hb.wpmucdn.com/clear2close.us/6ffbb2bb-18fe-48ee-94c0-386182bc6dc3.css]
[clear2close.us/wp-json/wp/v2/pages/50692.json]
[clear2close.us/wp-json/oembed/1.0/embed915c.json]
[clear2close.us/wp-json/oembed/1.0/embed7540]
[clear2close.us/wp-content/et-cache/50692/et-core-unified-50692.minfae3.css]
[clear2close.us/wp-content/et-cache/50692/et-core-unified-tb-50327-deferred-50692.minfae3.css]
[clear2close.us/appraisal-facts/index.html]
[hb.wpmucdn.com/clear2close.us/3ec7bb90-4113-4497-8c69-55c0db1bc9dc.css]
[clear2close.us/wp-json/wp/v2/pages/50697.json]
[clear2close.us/wp-json/oembed/1.0/embedb3e3.json]
[clear2close.us/wp-json/oembed/1.0/embedee97]
[clear2close.us/wp-content/et-cache/50697/et-core-unified-50697.minbe43.css]
[clear2close.us/wp-content/et-cache/50697/et-core-unified-tb-50327-deferred-50697.minbe43.css]
[clear2close.us/appraisal-fees/index.html]
[hb.wpmucdn.com/clear2close.us/f66f0ea0-9eae-4130-8b8a-f9b34675ecee.css]
[clear2close.us/wp-json/wp/v2/pages/50702.json]
[clear2close.us/wp-json/oembed/1.0/embed7d36.json]
[clear2close.us/wp-json/oembed/1.0/embedf242]
[clear2close.us/wp-content/uploads/2022/09/header-bg-image-04-scaled.jpg]
[clear2close.us/wp-content/et-cache/50702/et-core-unified-50702.minc716.css]
[clear2close.us/wp-content/et-cache/50702/et-core-unified-tb-50327-deferred-50702.minc716.css]
[clear2close.us/wp-content/uploads/2022/08/continued-education-01.jpg]
[clear2close.us/continuing-education/index.html]
[hb.wpmucdn.com/clear2close.us/5192f8f1-c9db-4885-a953-79208a065d3d.css]
[clear2close.us/wp-json/wp/v2/pages/50713.json]
[clear2close.us/wp-json/oembed/1.0/embed5f95.json]
[clear2close.us/wp-json/oembed/1.0/embedbfe3]
[clear2close.us/wp-content/et-cache/50713/et-core-unified-50713.min6e1d.css]
[clear2close.us/wp-content/et-cache/50713/et-core-unified-tb-50327-deferred-50713.min6e1d.css]
[clear2close.us/home-buyers-checklist/index.html]
[hb.wpmucdn.com/clear2close.us/93c3bda8-a4a4-45c4-b84a-abac68661492.css]
[clear2close.us/wp-json/wp/v2/pages/50717.json]
[clear2close.us/wp-json/oembed/1.0/embed1784.json]
[clear2close.us/wp-json/oembed/1.0/embed8da1]
[clear2close.us/wp-content/et-cache/50717/et-core-unified-50717.mind98e.css]
[clear2close.us/wp-content/et-cache/50717/et-core-unified-tb-50327-deferred-50717.mind98e.css]
[clear2close.us/home-sellers-checklist/index.html]
[hb.wpmucdn.com/clear2close.us/0ded7fa2-438c-4826-ad09-223148bf35af.css]
[clear2close.us/wp-json/wp/v2/pages/50725.json]
[clear2close.us/wp-json/oembed/1.0/embed3caa.json]
[clear2close.us/wp-json/oembed/1.0/embed231c]
[clear2close.us/wp-content/et-cache/50725/et-core-unified-50725.minf96b.css]
[clear2close.us/wp-content/et-cache/50725/et-core-unified-tb-50327-deferred-50725.mine838.css]
[clear2close.us/hoa-information-and-tips/index.html]
[hb.wpmucdn.com/clear2close.us/3d24d67d-54bb-4dee-81cd-fd518a0410a7.css]
[clear2close.us/wp-json/wp/v2/pages/51034.json]
[clear2close.us/wp-json/oembed/1.0/embed4dfc.json]
[clear2close.us/wp-json/oembed/1.0/embed2bcb]
[clear2close.us/wp-content/et-cache/51034/et-core-unified-51034.min551e.css]
[clear2close.us/wp-content/et-cache/51034/et-core-unified-tb-50327-deferred-51034.minf684.css]
[clear2close.us/wp-content/uploads/2022/08/home-bg-400x250.jpg]
[clear2close.us/wp-content/uploads/2022/08/home-image-400x250.jpg]
[clear2close.us/blog/real-estate-title-and-escrow-services/index.html]
[clear2close.us/wp-content/uploads/2022/09/real-estate-03-300x158-1.jpg]
[clear2close.us/blog/author/c4cadmin/index.html]
[clear2close.us/blog/category/uncategorized/index.html]
[clear2close.us/wp-content/uploads/2022/08/title-and-secrow-vertical-400x250.jpg]
[clear2close.us/wp-content/uploads/2022/09/appraisal-fact-400x250.jpg]
[clear2close.us/blog/six-critical-things-you-need-to-know-when-buying-a-new-home/index.html]
[clear2close.us/wp-content/uploads/2022/07/483636_l-1024x668-1-400x250.jpg]
[clear2close.us/blog/learn-how-to-increase-your-home-appraisal-value-on-the-market/index.html]
[clear2close.us/blog/how-you-can-improve-your-appraisal/index.html]
[clear2close.us/wp-content/uploads/2022/09/CLR-7003600-300x257-1-300x250.jpg]
[clear2close.us/blog/how-to-prepare-for-your-property-appraisal/index.html]
[clear2close.us/wp-content/uploads/2022/09/Untitled-design-300x150-1.jpg]
[clear2close.us/blog/category/appraisal/index.html]
[clear2close.us/blog/how-to-get-your-house-appraised/index.html]
[clear2close.us/wp-content/uploads/2022/08/ClearTitleClient2-1-400x250.jpg]
[clear2close.us/blog/how-to-avoid-the-most-common-home-buying-mistakes/index.html]
[clear2close.us/wp-content/uploads/2022/09/appraisal-fees-300x200-1.jpg]
[clear2close.us/blog/dont-lose-your-home-with-a-bad-appraisal/index.html]
[clear2close.us/blog/closing-on-your-home-the-ultimate-guide/index.html]
[clear2close.us/blog/avoid-the-pitfalls-of-escrow-and-title-insurance/index.html]
[clear2close.us/blog/index.html]
[hb.wpmucdn.com/clear2close.us/eac2a0dd-d935-4aab-a1cc-654f82f3b762.js]
[clear2close.us/payment/assets/bootstrap/css/bootstrap.min.css]
[clear2close.us/payment/assets/fonts/simple-line-icons.min.css]
[clear2close.us/payment/assets/css/Contact-Form-Clean.css]
[cdnjs.cloudflare.com/ajax/libs/animate.css/3.5.2/animate.min.css]
[cdnjs.cloudflare.com/ajax/libs/aos/2.1.1/aos.css]
[cdnjs.cloudflare.com/ajax/libs/baguettebox.js/1.10.0/baguetteBox.min.css]
[clear2close.us/payment/assets/css/smoothproducts.css]
[clear2close.us/payment/assets/css/Bold-BS4-Text-Shadow-Effects.css]
[stackpath.bootstrapcdn.com/bootstrap/4.4.1/css/bootstrap.css]
[clear2close.us/payment/assets/img/Transparent CLR.jpg]
[clear2close.us/payment/assets/fonts/font-awesome.min.css]
[clear2close.us/payment/assets/fonts/ionicons.min.css]
[clear2close.us/payment/assets/css/CLRTAG.css]
[clear2close.us/payment/assets/js/jquery.min.js]
[clear2close.us/payment/assets/bootstrap/js/bootstrap.min.js]
[clear2close.us/net-sheet/index.html]
[clear2close.us/payment/assets/js/smart-forms.min.js]
[clear2close.us/payment/assets/js/bs-init.js]
[cdnjs.cloudflare.com/ajax/libs/aos/2.1.1/aos.js]
[cdnjs.cloudflare.com/ajax/libs/baguettebox.js/1.10.0/baguetteBox.min.js]
[clear2close.us/payment/assets/js/smoothproducts.min.js]
[clear2close.us/payment/assets/js/theme.js]
[cdn.jsdelivr.net/npm/popper.js@1.16.0/dist/umd/popper.js]
[code.jquery.com/jquery-3.4.1.js]
[clear2close.us/payment/make-a-payment.html]
[stackpath.bootstrapcdn.com/bootstrap/4.4.1/js/bootstrap.js]
[hb.wpmucdn.com/clear2close.us/8d6da654-2562-4f05-94b0-fa44595976f3.css]
[clear2close.us/wp-json/wp/v2/pages/50750.json]
[clear2close.us/wp-json/oembed/1.0/embed15f0.json]
[clear2close.us/wp-json/oembed/1.0/embeddc6f]
[clear2close.us/wp-content/uploads/2022/08/hero-bg.png]
[clear2close.us/wp-content/et-cache/50750/et-core-unified-50750.min81d7.css]
[clear2close.us/wp-content/et-cache/50750/et-core-unified-tb-50327-deferred-50750.min81d7.css]
[clear2close.us/wp-content/uploads/2022/09/AdamBell-1.jpg]
[clear2close.us/wp-content/uploads/2022/09/Christina-Ornelas-1.jpg]
[clear2close.us/wp-content/uploads/2022/09/Michelle-Mora-1.jpg]
[clear2close.us/wp-content/uploads/2022/09/Madison-Barker-1.jpg]
[clear2close.us/wp-content/uploads/2022/09/NatalieAndrews-1.jpg]
[clear2close.us/wp-content/uploads/2022/09/Lexie-Monsivais-1.jpg]
[clear2close.us/wp-content/uploads/2022/09/Kelsey-Spenneberg-1.jpg]
[clear2close.us/wp-content/uploads/2022/09/Teres-Donahower-01.jpg]
[clear2close.us/wp-content/uploads/2022/09/Cali-Moore-1.jpg]
[clear2close.us/wp-content/uploads/2022/09/Price-Samford-01.jpg]
[clear2close.us/wp-content/uploads/2022/09/Untitled-design1.jpg]
[clear2close.us/wp-content/uploads/2022/09/Untitled-design.jpg]
[clear2close.us/meet-the-team/index.html]
[hb.wpmucdn.com/clear2close.us/ed21fb85-124a-4ecb-aed9-780c0fec6b77.css]
[clear2close.us/wp-json/wp/v2/pages/50730.json]
[clear2close.us/wp-json/oembed/1.0/embedd30a.json]
[clear2close.us/wp-json/oembed/1.0/embed9dc9]
[clear2close.us/wp-content/et-cache/50730/et-core-unified-50730.min3ba3.css]
[clear2close.us/wp-content/et-cache/50730/et-core-unified-tb-50327-deferred-50730.min3ba3.css]
[clear2close.us/locations/index.html]
[hb.wpmucdn.com/clear2close.us/6eb2845e-9adf-4716-9a6c-237ac77eacee.css]
[hb.wpmucdn.com/clear2close.us/a9b355c0-d5af-49c9-a478-ca61f2701880.css]
[hb.wpmucdn.com/clear2close.us/e06cd4f7-b521-4308-9098-33a3fccd9ca7.css]
[hb.wpmucdn.com/clear2close.us/2cb1a451-3f9e-42c0-85ef-1f4435f77d98.js]
[clear2close.us/wp-json/wp/v2/pages/50774.json]
[clear2close.us/wp-json/oembed/1.0/embede438.json]
[clear2close.us/wp-json/oembed/1.0/embed0c29]
[clear2close.us/wp-content/et-cache/50774/et-core-unified-50774.minf76f.css]
[clear2close.us/wp-content/et-cache/50774/et-core-unified-tb-50327-deferred-50774.minf76f.css]
[clear2close.us/wp-content/plugins/gravityforms/images/spinner.svg]
[hb.wpmucdn.com/clear2close.us/0410ecbd-a80e-4d38-934d-c2723f8d6953.js]
[hb.wpmucdn.com/clear2close.us/1d3b5bb0-4827-41b9-a370-47010195c988.js]
[clear2close.us/wp-includes/js/dist/vendor/wp-polyfill.min.js]
[hb.wpmucdn.com/clear2close.us/f9275190-d53e-4da5-a629-b1ac2ac711ac.js]
[clear2close.us/wp-includes/js/dist/a11y.min.js]
[clear2close.us/contact-us/index.html]
[clear2close.us/about-us.html]
[clear2close.us/services.html]
[clear2close.us/faq.html]
[clear2close.us/continued-education/index.html]
[hb.wpmucdn.com/clear2close.us/bc47ee57-9151-44a2-9a3e-337efe19e6aa.js]
[hb.wpmucdn.com/clear2close.us/60716138-99cd-4d99-91e8-f7f9817d5d1a.css]
[clear2close.us/wp-json/wp/v2/pages/50755.json]
[clear2close.us/wp-json/oembed/1.0/embed0830.json]
[clear2close.us/wp-json/oembed/1.0/embedfbb8]
[clear2close.us/wp-content/et-cache/50755/et-core-unified-50755.minb7d7.css]
[clear2close.us/wp-content/et-cache/50755/et-core-unified-tb-50327-deferred-50755.minb7d7.css]
[clear2close.us/privacy-policy/index.html]
[hb.wpmucdn.com/clear2close.us/7bd800cd-4939-46c9-b07b-8fa890bee9f3.css]
[hb.wpmucdn.com/clear2close.us/b5a66c14-be1f-4ca4-afe6-5f3c805c9fc8.css]
[hb.wpmucdn.com/clear2close.us/312f346b-83eb-43cb-97b6-3ae887ef13b1.css]
[clear2close.us/indexc7fa.html]
[clear2close.us/wp-content/et-cache/50651/et-core-unified-50651.min82a0.css]
[clear2close.us/wp-content/et-cache/50651/et-core-unified-tb-50327-deferred-50651.min398e.css]
[hb.wpmucdn.com/clear2close.us/fac9299f-2d97-44ef-ada3-cb95b93e1d16.css]
[clear2close.us/index10d3.html]
[clear2close.us/wp-content/et-cache/50670/et-core-unified-50670.min058f.css]
[clear2close.us/wp-content/et-cache/50670/et-core-unified-tb-50327-deferred-50670.min058f.css]
[hb.wpmucdn.com/clear2close.us/b28431f8-2888-420b-93f4-becc2f92bdf7.css]
[clear2close.us/index4fe3.html]
[clear2close.us/wp-content/et-cache/50676/et-core-unified-50676.min63f7.css]
[clear2close.us/wp-content/et-cache/50676/et-core-unified-tb-50327-deferred-50676.min63f7.css]
[hb.wpmucdn.com/clear2close.us/e9e8bb0c-dd35-49e1-8cfc-2c702df43e2f.css]
[clear2close.us/indexb741.html]
[clear2close.us/wp-content/et-cache/50681/et-core-unified-50681.min80f2.css]
[clear2close.us/wp-content/et-cache/50681/et-core-unified-tb-50327-deferred-50681.min80f2.css]
[clear2close.us/wp-includes/js/mediaelement/mejs-controls.svg]
[hb.wpmucdn.com/clear2close.us/6ffbb2bb-18fe-48ee-94c0-386182bc6dc3.css]
[clear2close.us/index76c8.html]
[clear2close.us/wp-content/et-cache/50692/et-core-unified-50692.minfae3.css]
[clear2close.us/wp-content/et-cache/50692/et-core-unified-tb-50327-deferred-50692.minfae3.css]
[hb.wpmucdn.com/clear2close.us/3ec7bb90-4113-4497-8c69-55c0db1bc9dc.css]
[clear2close.us/index3b86.html]
[clear2close.us/wp-content/et-cache/50697/et-core-unified-50697.minbe43.css]
[clear2close.us/wp-content/et-cache/50697/et-core-unified-tb-50327-deferred-50697.minbe43.css]
[hb.wpmucdn.com/clear2close.us/f66f0ea0-9eae-4130-8b8a-f9b34675ecee.css]
[clear2close.us/index91ff.html]
[clear2close.us/wp-content/et-cache/50702/et-core-unified-50702.minc716.css]
[clear2close.us/wp-content/et-cache/50702/et-core-unified-tb-50327-deferred-50702.minc716.css]
[hb.wpmucdn.com/clear2close.us/5192f8f1-c9db-4885-a953-79208a065d3d.css]
[clear2close.us/indexe5f9.html]
[clear2close.us/wp-content/et-cache/50713/et-core-unified-50713.min6e1d.css]
[clear2close.us/wp-content/et-cache/50713/et-core-unified-tb-50327-deferred-50713.min6e1d.css]
[hb.wpmucdn.com/clear2close.us/93c3bda8-a4a4-45c4-b84a-abac68661492.css]
[clear2close.us/index8470.html]
[clear2close.us/wp-content/et-cache/50717/et-core-unified-50717.mind98e.css]
[clear2close.us/wp-content/et-cache/50717/et-core-unified-tb-50327-deferred-50717.mind98e.css]
[hb.wpmucdn.com/clear2close.us/0ded7fa2-438c-4826-ad09-223148bf35af.css]
[clear2close.us/indexf4f1.html]
[clear2close.us/wp-content/et-cache/50725/et-core-unified-50725.minf96b.css]
[clear2close.us/wp-content/et-cache/50725/et-core-unified-tb-50327-deferred-50725.mine838.css]
[hb.wpmucdn.com/clear2close.us/3d24d67d-54bb-4dee-81cd-fd518a0410a7.css]
[clear2close.us/index6c01.html]
[clear2close.us/wp-content/et-cache/51034/et-core-unified-51034.min551e.css]
[clear2close.us/wp-content/et-cache/51034/et-core-unified-tb-50327-deferred-51034.minf684.css]
[hb.wpmucdn.com/clear2close.us/53548dad-59f7-435a-9e13-f0999dc5f216.css]
[clear2close.us/blog/real-estate-title-and-escrow-services/feed/index.html]
[clear2close.us/wp-json/wp/v2/posts/51368.json]
[clear2close.us/wp-json/oembed/1.0/embed0feb.json]
[clear2close.us/wp-json/oembed/1.0/embedd5f0]
[clear2close.us/wp-content/et-cache/51368/et-core-unified-51368.mine315.css]
[clear2close.us/wp-content/et-cache/51368/et-core-unified-tb-51003-tb-50327-deferred-51368.mine315.css]
[clear2close.us/wp-content/uploads/2022/08/home-bg-300x169.jpg]
[clear2close.us/blog/2022/12/index.html]
[clear2close.us/blog/2022/11/index.html]
[clear2close.us/blog/2022/09/index.html]
[clear2close.us/blog/2022/10/index.html]
[clear2close.us/blog/2022/07/index.html]
[clear2close.us/blog/2022/06/index.html]
[clear2close.us/blog/2022/05/index.html]
[clear2close.us/blog/2022/03/index.html]
[clear2close.us/blog/real-estate-title-and-escrow-services/index.html]
[hb.wpmucdn.com/clear2close.us/86ee6606-3c10-42b7-b08b-d8c8194bee77.js]
[clear2close.us/blog/2021/10/index.html]
[clear2close.us/blog/author/c4cadmin/feed/index.html]
[hb.wpmucdn.com/clear2close.us/ce3084f7-74b6-4e59-a5a6-e3f9e7f6ebdb.css]
[clear2close.us/wp-json/wp/v2/users/1.json]
[clear2close.us/wp-content/et-cache/global/et-divi-customizer-global.min15f4.css]
[clear2close.us/wp-content/et-cache/50327/et-core-unified-cpt-deferred-50327.min2d40.css]
[clear2close.us/wp-content/uploads/2022/08/home-bg-1080x675.jpg]
[clear2close.us/wp-content/uploads/2022/08/home-image-1080x675.jpg]
[clear2close.us/wp-content/uploads/2022/08/title-and-secrow-vertical-640x675.jpg]
[clear2close.us/wp-content/uploads/2022/09/appraisal-fact.jpg]
[clear2close.us/blog/author/c4cadmin/page/2/index.html]
[clear2close.us/blog/author/c4cadmin/index.html]
[hb.wpmucdn.com/clear2close.us/99c67f8e-3495-43e7-b1ed-945d4aa1f80a.js]
[clear2close.us/blog/category/uncategorized/feed/index.html]
[clear2close.us/wp-json/wp/v2/categories/1.json]
[hb.wpmucdn.com/clear2close.us/7bbbacd5-7a5f-45b7-b5f3-edfe92291a88.css]
[clear2close.us/blog/category/uncategorized/index.html]
[hb.wpmucdn.com/clear2close.us/ade8e449-3cc8-420a-a04c-64046786f6a5.css]
[clear2close.us/blog/six-critical-things-you-need-to-know-when-buying-a-new-home/feed/index.html]
[clear2close.us/wp-json/wp/v2/posts/51328.json]
[clear2close.us/wp-json/oembed/1.0/embed5bb4.json]
[clear2close.us/wp-json/oembed/1.0/embedeed7]
[clear2close.us/wp-content/et-cache/51328/et-core-unified-51328.minaa87.css]
[clear2close.us/wp-content/et-cache/51328/et-core-unified-tb-51003-tb-50327-deferred-51328.minaa87.css]
[clear2close.us/wp-content/uploads/2022/08/home-image-300x169.jpg]
[clear2close.us/blog/six-critical-things-you-need-to-know-when-buying-a-new-home/index.html]
[hb.wpmucdn.com/clear2close.us/623e816e-4b4b-4a71-be06-3d2a8ff085ca.css]
[clear2close.us/blog/learn-how-to-increase-your-home-appraisal-value-on-the-market/feed/index.html]
[clear2close.us/wp-json/wp/v2/posts/51242.json]
[clear2close.us/wp-json/oembed/1.0/embedd2e6.json]
[clear2close.us/wp-json/oembed/1.0/embed0246]
[clear2close.us/wp-content/et-cache/51242/et-core-unified-51242.min7c2c.css]
[clear2close.us/wp-content/et-cache/51242/et-core-unified-tb-51003-tb-50327-deferred-51242.min7c2c.css]
[clear2close.us/blog/learn-how-to-increase-your-home-appraisal-value-on-the-market/index.html]
[hb.wpmucdn.com/clear2close.us/85cfb984-969f-4f9e-95f6-7b3b76b0d3e7.css]
[hb.wpmucdn.com/clear2close.us/5d33b317-61ea-403c-9ae1-80e1f81186e1.css]
[clear2close.us/wp-json/wp/v2/posts/51127.json]
[clear2close.us/blog/how-you-can-improve-your-appraisal/feed/index.html]
[clear2close.us/wp-json/oembed/1.0/embed2845.json]
[clear2close.us/wp-json/oembed/1.0/embed5dce]
[clear2close.us/wp-content/et-cache/51127/et-core-unified-tb-51003-tb-50327-deferred-51127.min8ce4.css]
[clear2close.us/blog/how-you-can-improve-your-appraisal/index.html]
[hb.wpmucdn.com/clear2close.us/1dfa0967-6cd4-4e2a-a071-fcc3903445b7.css]
[clear2close.us/wp-json/wp/v2/posts/51012.json]
[clear2close.us/blog/how-to-prepare-for-your-property-appraisal/feed/index.html]
[clear2close.us/wp-json/oembed/1.0/embed2867.json]
[clear2close.us/wp-json/oembed/1.0/embede687]
[clear2close.us/wp-content/et-cache/51012/et-core-unified-tb-51003-tb-50327-deferred-51012.min0ad1.css]
[clear2close.us/wp-content/uploads/2022/09/CLR-7003600-300x257-1.jpg]
[clear2close.us/blog/how-to-prepare-for-your-property-appraisal/index.html]
[hb.wpmucdn.com/clear2close.us/62929118-5588-4cef-8292-e02b88b42137.css]
[clear2close.us/wp-json/wp/v2/categories/25.json]
[clear2close.us/wp-content/uploads/2022/07/483636_l-1024x668-1.jpg]
[clear2close.us/blog/category/appraisal/feed/index.html]
[clear2close.us/wp-content/uploads/2022/08/ClearTitleClient2-1-1080x675.jpg]
[clear2close.us/blog/category/appraisal/index.html]
[hb.wpmucdn.com/clear2close.us/6c629b4f-f025-41da-9b61-25feb97b933d.css]
[clear2close.us/blog/how-to-get-your-house-appraised/feed/index.html]
[clear2close.us/wp-json/wp/v2/posts/51021.json]
[clear2close.us/wp-json/oembed/1.0/embedef98.json]
[clear2close.us/wp-json/oembed/1.0/embed0fb1]
[clear2close.us/wp-content/et-cache/51021/et-core-unified-tb-51003-tb-50327-deferred-51021.min5bc0.css]
[clear2close.us/blog/how-to-get-your-house-appraised/index.html]
[hb.wpmucdn.com/clear2close.us/30e2c42f-2193-43b9-8b6f-0bcd1700600c.css]
[clear2close.us/wp-json/wp/v2/posts/51023.json]
[clear2close.us/blog/how-to-avoid-the-most-common-home-buying-mistakes/feed/index.html]
[clear2close.us/wp-json/oembed/1.0/embed3ad1.json]
[clear2close.us/wp-json/oembed/1.0/embedc244]
[clear2close.us/wp-content/et-cache/51023/et-core-unified-tb-51003-tb-50327-deferred-51023.min64f8.css]
[clear2close.us/blog/how-to-avoid-the-most-common-home-buying-mistakes/index.html]
[clear2close.us/blog/dont-lose-your-home-with-a-bad-appraisal/feed/index.html]
[hb.wpmucdn.com/clear2close.us/dd04c9df-666b-466c-863a-e0bf0289650e.css]
[clear2close.us/wp-json/wp/v2/posts/51025.json]
[clear2close.us/wp-json/oembed/1.0/embed593f.json]
[clear2close.us/wp-json/oembed/1.0/embedf242-2]
[clear2close.us/wp-content/et-cache/51025/et-core-unified-tb-51003-tb-50327-deferred-51025.mincf8b.css]
[clear2close.us/wp-content/uploads/2022/09/home-appraisal-image-300x150-1.jpg]
[clear2close.us/blog/dont-lose-your-home-with-a-bad-appraisal/index.html]
[hb.wpmucdn.com/clear2close.us/2f2b0fbc-33aa-4f18-95ea-8648688b3cfe.css]
[clear2close.us/blog/closing-on-your-home-the-ultimate-guide/feed/index.html]
[clear2close.us/wp-json/wp/v2/posts/51028.json]
[clear2close.us/wp-json/oembed/1.0/embedf152.json]
[clear2close.us/wp-json/oembed/1.0/embed465c]
[clear2close.us/wp-content/et-cache/51028/et-core-unified-tb-51003-tb-50327-deferred-51028.minb69d.css]
[clear2close.us/blog/closing-on-your-home-the-ultimate-guide/index.html]
[hb.wpmucdn.com/clear2close.us/f790ea5a-6be9-4a59-a165-c62c5aee8edc.css]
[clear2close.us/blog/avoid-the-pitfalls-of-escrow-and-title-insurance/feed/index.html]
[clear2close.us/wp-json/wp/v2/posts/51029.json]
[clear2close.us/wp-json/oembed/1.0/embed52fe.json]
[clear2close.us/wp-json/oembed/1.0/embede88f]
[clear2close.us/wp-content/et-cache/51029/et-core-unified-51029.min80ad.css]
[clear2close.us/wp-content/et-cache/51029/et-core-unified-tb-51003-tb-50327-deferred-51029.mine306.css]
[clear2close.us/wp-content/uploads/2022/08/ClearClient.jpg]
[clear2close.us/blog/avoid-the-pitfalls-of-escrow-and-title-insurance/index.html]
[clear2close.us/payment/assets/bootstrap/css/bootstrap.min.css]
[clear2close.us/payment/assets/fonts/Simple-Line-Iconsb26c.eot]
[clear2close.us/payment/assets/fonts/Simple-Line-Iconsb26c.woff2]
[clear2close.us/payment/assets/fonts/Simple-Line-Iconsb26c.ttf]
[clear2close.us/payment/assets/fonts/Simple-Line-Iconsb26c.woff]
[clear2close.us/payment/assets/fonts/simple-line-icons.min.css]
[clear2close.us/payment/assets/css/Contact-Form-Clean.css]
[cdnjs.cloudflare.com/ajax/libs/animate.css/3.5.2/animate.min.css]
[cdnjs.cloudflare.com/ajax/libs/aos/2.1.1/aos.css]
[cdnjs.cloudflare.com/ajax/libs/baguettebox.js/1.10.0/baguetteBox.min.css]
[clear2close.us/payment/assets/css/smoothproducts.css]
[clear2close.us/payment/assets/css/Bold-BS4-Text-Shadow-Effects.css]
[stackpath.bootstrapcdn.com/bootstrap/4.4.1/css/bootstrap.css]
[clear2close.us/payment/assets/fonts/Simple-Line-Iconsb26c.svg]
[clear2close.us/payment/assets/fonts/fontawesome-webfont3e6e.eot]
[clear2close.us/payment/assets/fonts/fontawesome-webfontd41d.eot]
[clear2close.us/payment/assets/fonts/fontawesome-webfont3e6e.woff2]
[clear2close.us/payment/assets/fonts/fontawesome-webfont3e6e.woff]
[clear2close.us/payment/assets/fonts/fontawesome-webfont3e6e.ttf]
[clear2close.us/payment/assets/fonts/font-awesome.min.css]
[clear2close.us/payment/assets/fonts/fontawesome-webfont3e6e.svg]
[clear2close.us/payment/assets/fonts/ionicons28b5.eot]
[clear2close.us/payment/assets/fonts/ionicons28b5.ttf]
[clear2close.us/payment/assets/fonts/ionicons28b5.woff]
[clear2close.us/payment/assets/fonts/ionicons.min.css]
[clear2close.us/payment/assets/css/CLRTAG.css]
[clear2close.us/net-sheet/index.html]
[hb.wpmucdn.com/clear2close.us/8d6da654-2562-4f05-94b0-fa44595976f3.css]
[clear2close.us/index55dc.html]
[clear2close.us/wp-content/et-cache/50750/et-core-unified-50750.min81d7.css]
[clear2close.us/wp-content/et-cache/50750/et-core-unified-tb-50327-deferred-50750.min81d7.css]
[hb.wpmucdn.com/clear2close.us/ed21fb85-124a-4ecb-aed9-780c0fec6b77.css]
[clear2close.us/index403f.html]
[clear2close.us/wp-content/et-cache/50730/et-core-unified-50730.min3ba3.css]
[clear2close.us/wp-content/et-cache/50730/et-core-unified-tb-50327-deferred-50730.min3ba3.css]
[hb.wpmucdn.com/clear2close.us/6eb2845e-9adf-4716-9a6c-237ac77eacee.css]
[clear2close.us/payment/assets/fonts/ionicons28b5.svg]
[clear2close.us/wp-content/plugins/gravityforms/fonts/gform-icons-theme1bee.woff2]
[hb.wpmucdn.com/clear2close.us/a9b355c0-d5af-49c9-a478-ca61f2701880.css]
[clear2close.us/wp-content/plugins/gravityforms/assets/css/dist/theme-components.min.css]
[hb.wpmucdn.com/clear2close.us/e06cd4f7-b521-4308-9098-33a3fccd9ca7.css]
[clear2close.us/index75da.html]
[clear2close.us/wp-content/et-cache/50774/et-core-unified-50774.minf76f.css]
[clear2close.us/wp-content/et-cache/50774/et-core-unified-tb-50327-deferred-50774.minf76f.css]
[clear2close.us/wp-content/plugins/gravityforms/images/spinner.svg]
[hb.wpmucdn.com/clear2close.us/60716138-99cd-4d99-91e8-f7f9817d5d1a.css]
[clear2close.us/indexe6ca.html]
[clear2close.us/wp-content/et-cache/50755/et-core-unified-50755.minb7d7.css]
[clear2close.us/wp-content/et-cache/50755/et-core-unified-tb-50327-deferred-50755.minb7d7.css]
[clear2close.us/wp-includes/js/mediaelement/mejs-controls.svg]
[hb.wpmucdn.com/clear2close.us/53548dad-59f7-435a-9e13-f0999dc5f216.css]
[clear2close.us/index9283.html]
[clear2close.us/wp-content/et-cache/51368/et-core-unified-51368.mine315.css]
[clear2close.us/wp-content/et-cache/51368/et-core-unified-tb-51003-tb-50327-deferred-51368.mine315.css]
[clear2close.us/wp-content/plugins/gravityforms/images/theme/down-arrow.svg]
[hb.wpmucdn.com/clear2close.us/59a7644b-4f71-403a-83d0-f3a11ac4272f.css]
[clear2close.us/blog/2022/12/index.html]
[clear2close.us/blog/2022/11/index.html]
[clear2close.us/blog/2022/10/index.html]
[clear2close.us/blog/2022/09/index.html]
[clear2close.us/blog/2022/07/index.html]
[clear2close.us/blog/2022/06/index.html]
[clear2close.us/blog/2022/05/index.html]
[clear2close.us/blog/2022/03/index.html]
[clear2close.us/blog/2021/10/index.html]
[hb.wpmucdn.com/clear2close.us/ce3084f7-74b6-4e59-a5a6-e3f9e7f6ebdb.css]
[clear2close.us/wp-content/et-cache/global/et-divi-customizer-global.min15f4.css]
[clear2close.us/wp-content/et-cache/50327/et-core-unified-cpt-deferred-50327.min2d40.css]
[clear2close.us/blog/author/c4cadmin/page/2/index.html]
[hb.wpmucdn.com/clear2close.us/7bbbacd5-7a5f-45b7-b5f3-edfe92291a88.css]
[hb.wpmucdn.com/clear2close.us/ade8e449-3cc8-420a-a04c-64046786f6a5.css]
[clear2close.us/index65a9.html]
[clear2close.us/wp-content/et-cache/51328/et-core-unified-51328.minaa87.css]
[clear2close.us/wp-content/et-cache/51328/et-core-unified-tb-51003-tb-50327-deferred-51328.minaa87.css]
[hb.wpmucdn.com/clear2close.us/623e816e-4b4b-4a71-be06-3d2a8ff085ca.css]
[clear2close.us/index9868.html]
[clear2close.us/wp-content/et-cache/51242/et-core-unified-51242.min7c2c.css]
[clear2close.us/wp-content/et-cache/51242/et-core-unified-tb-51003-tb-50327-deferred-51242.min7c2c.css]
[hb.wpmucdn.com/clear2close.us/85cfb984-969f-4f9e-95f6-7b3b76b0d3e7.css]
[hb.wpmucdn.com/clear2close.us/5d33b317-61ea-403c-9ae1-80e1f81186e1.css]
[clear2close.us/indexf846.html]
[clear2close.us/wp-content/et-cache/51127/et-core-unified-tb-51003-tb-50327-deferred-51127.min8ce4.css]
[hb.wpmucdn.com/clear2close.us/1dfa0967-6cd4-4e2a-a071-fcc3903445b7.css]
[clear2close.us/indexadb2.html]
[clear2close.us/wp-content/et-cache/51012/et-core-unified-tb-51003-tb-50327-deferred-51012.min0ad1.css]
[hb.wpmucdn.com/clear2close.us/62929118-5588-4cef-8292-e02b88b42137.css]
[hb.wpmucdn.com/clear2close.us/6c629b4f-f025-41da-9b61-25feb97b933d.css]
[clear2close.us/indexa7f4.html]
[clear2close.us/wp-content/et-cache/51021/et-core-unified-tb-51003-tb-50327-deferred-51021.min5bc0.css]
[hb.wpmucdn.com/clear2close.us/30e2c42f-2193-43b9-8b6f-0bcd1700600c.css]
[clear2close.us/index8826.html]
[clear2close.us/wp-content/et-cache/51023/et-core-unified-tb-51003-tb-50327-deferred-51023.min64f8.css]
[hb.wpmucdn.com/clear2close.us/dd04c9df-666b-466c-863a-e0bf0289650e.css]
[clear2close.us/index1010.html]
[clear2close.us/wp-content/et-cache/51025/et-core-unified-tb-51003-tb-50327-deferred-51025.mincf8b.css]
[hb.wpmucdn.com/clear2close.us/2f2b0fbc-33aa-4f18-95ea-8648688b3cfe.css]
[clear2close.us/index5eec.html]
[clear2close.us/wp-content/et-cache/51028/et-core-unified-tb-51003-tb-50327-deferred-51028.minb69d.css]
[hb.wpmucdn.com/clear2close.us/f790ea5a-6be9-4a59-a165-c62c5aee8edc.css]
[clear2close.us/index7f6a.html]
[clear2close.us/wp-content/et-cache/51029/et-core-unified-51029.min80ad.css]
[clear2close.us/wp-content/et-cache/51029/et-core-unified-tb-51003-tb-50327-deferred-51029.mine306.css]
[clear2close.us/payment/assets/assets/img/header-standard/image1.html]
[clear2close.us/payment/assets/fonts/Simple-Line-Iconsb26c.svg]
[clear2close.us/payment/assets/fonts/fontawesome-webfont3e6e.svg]
[clear2close.us/payment/assets/fonts/ionicons28b5.svg]
[clear2close.us/wp-content/plugins/gravityforms/images/theme/down-arrow.svg]
[hb.wpmucdn.com/clear2close.us/59a7644b-4f71-403a-83d0-f3a11ac4272f.css]
